Archive member included to satisfy reference by file (symbol)

c:/nxp/lpcxpresso_8.2.2_650/lpcxpresso/tools/bin/../lib/gcc/arm-none-eabi/5.4.1/../../../../arm-none-eabi/lib/armv7-m\libcr_c.a(__weak__main.o)
                              ./src/cr_startup_lpc175x_6x.o (__main)

Discarded input sections

 .group         0x00000000        0x8 ./src/AssignmentTwo.o
 .group         0x00000000        0x8 ./src/AssignmentTwo.o
 .group         0x00000000        0x8 ./src/AssignmentTwo.o
 .group         0x00000000        0x8 ./src/AssignmentTwo.o
 .group         0x00000000        0x8 ./src/AssignmentTwo.o
 .text          0x00000000        0x0 ./src/AssignmentTwo.o
 .data          0x00000000        0x0 ./src/AssignmentTwo.o
 .bss           0x00000000        0x0 ./src/AssignmentTwo.o
 .text.disable_blue
                0x00000000        0xc ./src/AssignmentTwo.o
 .text.disable_green
                0x00000000        0xc ./src/AssignmentTwo.o
 .text.disable_red
                0x00000000        0xc ./src/AssignmentTwo.o
 .group         0x00000000        0x8 ./src/cr_startup_lpc175x_6x.o
 .text          0x00000000        0x0 ./src/cr_startup_lpc175x_6x.o
 .data          0x00000000        0x0 ./src/cr_startup_lpc175x_6x.o
 .bss           0x00000000        0x0 ./src/cr_startup_lpc175x_6x.o
 .debug_macro   0x00000000      0x880 ./src/cr_startup_lpc175x_6x.o
 .group         0x00000000        0x8 ./src/crp.o
 .group         0x00000000        0x8 ./src/crp.o
 .text          0x00000000        0x0 ./src/crp.o
 .data          0x00000000        0x0 ./src/crp.o
 .bss           0x00000000        0x0 ./src/crp.o
 .debug_macro   0x00000000      0x880 ./src/crp.o
 .text          0x00000000        0x0 c:/nxp/lpcxpresso_8.2.2_650/lpcxpresso/tools/bin/../lib/gcc/arm-none-eabi/5.4.1/../../../../arm-none-eabi/lib/armv7-m\libcr_c.a(__weak__main.o)
 .data          0x00000000        0x0 c:/nxp/lpcxpresso_8.2.2_650/lpcxpresso/tools/bin/../lib/gcc/arm-none-eabi/5.4.1/../../../../arm-none-eabi/lib/armv7-m\libcr_c.a(__weak__main.o)
 .bss           0x00000000        0x0 c:/nxp/lpcxpresso_8.2.2_650/lpcxpresso/tools/bin/../lib/gcc/arm-none-eabi/5.4.1/../../../../arm-none-eabi/lib/armv7-m\libcr_c.a(__weak__main.o)

Memory Configuration

Name             Origin             Length             Attributes
MFlash512        0x00000000         0x00080000         xr
RamLoc32         0x10000000         0x00008000         xrw
RamAHB32         0x2007c000         0x00008000         xrw
*default*        0x00000000         0xffffffff

Linker script and memory map

LOAD ./src/AssignmentTwo.o
LOAD ./src/cr_startup_lpc175x_6x.o
LOAD ./src/crp.o
START GROUP
LOAD c:/nxp/lpcxpresso_8.2.2_650/lpcxpresso/tools/bin/../lib/gcc/arm-none-eabi/5.4.1/../../../../arm-none-eabi/lib/armv7-m\libcr_c.a
LOAD c:/nxp/lpcxpresso_8.2.2_650/lpcxpresso/tools/bin/../lib/gcc/arm-none-eabi/5.4.1/armv7-m\libcr_eabihelpers.a
END GROUP
                0x00000000                __base_MFlash512 = 0x0
                0x00000000                __base_Flash = 0x0
                0x00080000                __top_MFlash512 = 0x80000
                0x00080000                __top_Flash = 0x80000
                0x10000000                __base_RamLoc32 = 0x10000000
                0x10000000                __base_RAM = 0x10000000
                0x10008000                __top_RamLoc32 = 0x10008000
                0x10008000                __top_RAM = 0x10008000
                0x2007c000                __base_RamAHB32 = 0x2007c000
                0x2007c000                __base_RAM2 = 0x2007c000
                0x20084000                __top_RamAHB32 = 0x20084000
                0x20084000                __top_RAM2 = 0x20084000

.text           0x00000000      0x75c
 FILL mask 0xff
                0x00000000                __vectors_start__ = ABSOLUTE (.)
 *(.isr_vector)
 .isr_vector    0x00000000       0xcc ./src/cr_startup_lpc175x_6x.o
                0x00000000                g_pfnVectors
                0x000000cc                . = ALIGN (0x4)
                0x000000cc                __section_table_start = .
                0x000000cc                __data_section_table = .
                0x000000cc        0x4 LONG 0x75c LOADADDR (.data)
                0x000000d0        0x4 LONG 0x10000000 ADDR (.data)
                0x000000d4        0x4 LONG 0xc SIZEOF (.data)
                0x000000d8        0x4 LONG 0x75c LOADADDR (.data_RAM2)
                0x000000dc        0x4 LONG 0x2007c000 ADDR (.data_RAM2)
                0x000000e0        0x4 LONG 0x0 SIZEOF (.data_RAM2)
                0x000000e4                __data_section_table_end = .
                0x000000e4                __bss_section_table = .
                0x000000e4        0x4 LONG 0x1000000c ADDR (.bss)
                0x000000e8        0x4 LONG 0x0 SIZEOF (.bss)
                0x000000ec        0x4 LONG 0x2007c000 ADDR (.bss_RAM2)
                0x000000f0        0x4 LONG 0x0 SIZEOF (.bss_RAM2)
                0x000000f4                __bss_section_table_end = .
                0x000000f4                __section_table_end = .
 *(.after_vectors*)
 .after_vectors
                0x000000f4      0x140 ./src/cr_startup_lpc175x_6x.o
                0x000000f4                data_init
                0x00000138                bss_init
                0x00000170                ResetISR
                0x000001e4                NMI_Handler
                0x000001ec                HardFault_Handler
                0x000001f4                MemManage_Handler
                0x000001fc                BusFault_Handler
                0x00000204                UsageFault_Handler
                0x0000020c                SVC_Handler
                0x00000214                DebugMon_Handler
                0x0000021c                PendSV_Handler
                0x00000224                SysTick_Handler
                0x0000022c                EINT3_IRQHandler
                0x0000022c                CANActivity_IRQHandler
                0x0000022c                TIMER3_IRQHandler
                0x0000022c                UART0_IRQHandler
                0x0000022c                UART1_IRQHandler
                0x0000022c                EINT2_IRQHandler
                0x0000022c                USBActivity_IRQHandler
                0x0000022c                IntDefaultHandler
                0x0000022c                PLL0_IRQHandler
                0x0000022c                I2C0_IRQHandler
                0x0000022c                I2C1_IRQHandler
                0x0000022c                SSP0_IRQHandler
                0x0000022c                I2S_IRQHandler
                0x0000022c                I2C2_IRQHandler
                0x0000022c                RTC_IRQHandler
                0x0000022c                TIMER0_IRQHandler
                0x0000022c                SPI_IRQHandler
                0x0000022c                RIT_IRQHandler
                0x0000022c                EINT1_IRQHandler
                0x0000022c                TIMER1_IRQHandler
                0x0000022c                UART2_IRQHandler
                0x0000022c                ADC_IRQHandler
                0x0000022c                SSP1_IRQHandler
                0x0000022c                USB_IRQHandler
                0x0000022c                BOD_IRQHandler
                0x0000022c                PLL1_IRQHandler
                0x0000022c                WDT_IRQHandler
                0x0000022c                PWM1_IRQHandler
                0x0000022c                QEI_IRQHandler
                0x0000022c                EINT0_IRQHandler
                0x0000022c                CAN_IRQHandler
                0x0000022c                DMA_IRQHandler
                0x0000022c                TIMER2_IRQHandler
                0x0000022c                UART3_IRQHandler
                0x0000022c                MCPWM_IRQHandler
                0x0000022c                ENET_IRQHandler
                0x000002fc                . = 0x2fc
 *fill*         0x00000234       0xc8 ff
                0x000002fc                PROVIDE (__CRP_WORD_START__, .)
 *(.crp)
 .crp           0x000002fc        0x4 ./src/crp.o
                0x000002fc                CRP_WORD
                0x00000300                PROVIDE (__CRP_WORD_END__, .)
                0x00000001                ASSERT (! ((__CRP_WORD_START__ == __CRP_WORD_END__)), Linker CRP Enabled, but no CRP_WORD provided within application)
 *(.text*)
 .text.main     0x00000300       0x24 ./src/AssignmentTwo.o
                0x00000300                main
 .text.Setup    0x00000324       0x20 ./src/AssignmentTwo.o
                0x00000324                Setup
 .text.input_setup
                0x00000344       0x60 ./src/AssignmentTwo.o
                0x00000344                input_setup
 .text.AllOn    0x000003a4       0x40 ./src/AssignmentTwo.o
                0x000003a4                AllOn
 .text.AllOff   0x000003e4       0x40 ./src/AssignmentTwo.o
                0x000003e4                AllOff
 .text.reset    0x00000424       0x3c ./src/AssignmentTwo.o
                0x00000424                reset
 .text.BluePressed
                0x00000460       0x64 ./src/AssignmentTwo.o
                0x00000460                BluePressed
 .text.GreenPressed
                0x000004c4       0x90 ./src/AssignmentTwo.o
                0x000004c4                GreenPressed
 .text.RedPressed
                0x00000554       0xb4 ./src/AssignmentTwo.o
                0x00000554                RedPressed
 .text.p1_switch_pressed
                0x00000608       0x20 ./src/AssignmentTwo.o
                0x00000608                p1_switch_pressed
 .text.p2_switch_pressed
                0x00000628       0x20 ./src/AssignmentTwo.o
                0x00000628                p2_switch_pressed
 .text.p1_blue  0x00000648       0x28 ./src/AssignmentTwo.o
                0x00000648                p1_blue
 .text.p1_green
                0x00000670       0x24 ./src/AssignmentTwo.o
                0x00000670                p1_green
 .text.p1_red   0x00000694       0x28 ./src/AssignmentTwo.o
                0x00000694                p1_red
 .text.p2_blue  0x000006bc       0x28 ./src/AssignmentTwo.o
                0x000006bc                p2_blue
 .text.p2_green
                0x000006e4       0x28 ./src/AssignmentTwo.o
                0x000006e4                p2_green
 .text.p2_red   0x0000070c       0x28 ./src/AssignmentTwo.o
                0x0000070c                p2_red
 .text.wait_ticks
                0x00000734       0x24 ./src/AssignmentTwo.o
                0x00000734                wait_ticks
 .text.__weak_main
                0x00000758        0x4 c:/nxp/lpcxpresso_8.2.2_650/lpcxpresso/tools/bin/../lib/gcc/arm-none-eabi/5.4.1/../../../../arm-none-eabi/lib/armv7-m\libcr_c.a(__weak__main.o)
                0x00000758                __weak_main
                0x00000758                __main
 *(.rodata .rodata.* .constdata .constdata.*)
                0x0000075c                . = ALIGN (0x4)

.glue_7         0x0000075c        0x0
 .glue_7        0x0000075c        0x0 linker stubs

.glue_7t        0x0000075c        0x0
 .glue_7t       0x0000075c        0x0 linker stubs

.vfp11_veneer   0x0000075c        0x0
 .vfp11_veneer  0x0000075c        0x0 linker stubs

.v4_bx          0x0000075c        0x0
 .v4_bx         0x0000075c        0x0 linker stubs

.iplt           0x0000075c        0x0
 .iplt          0x0000075c        0x0 ./src/AssignmentTwo.o

.rel.dyn        0x0000075c        0x0
 .rel.iplt      0x0000075c        0x0 ./src/AssignmentTwo.o

.ARM.extab
 *(.ARM.extab* .gnu.linkonce.armextab.*)
                0x0000075c                __exidx_start = .

.ARM.exidx
 *(.ARM.exidx* .gnu.linkonce.armexidx.*)
                0x0000075c                __exidx_end = .
                0x0000075c                _etext = .

.data_RAM2      0x2007c000        0x0 load address 0x0000075c
 FILL mask 0xff
                [!provide]                PROVIDE (__start_data_RAM2, .)
 *(.ramfunc.$RAM2)
 *(.ramfunc.$RamAHB32)
 *(.data.$RAM2*)
 *(.data.$RamAHB32*)
                0x2007c000                . = ALIGN (0x4)
                [!provide]                PROVIDE (__end_data_RAM2, .)

.uninit_RESERVED
                0x10000000        0x0
 *(.bss.$RESERVED*)
                0x10000000                . = ALIGN (0x4)
                0x10000000                _end_uninit_RESERVED = .

.data           0x10000000        0xc load address 0x0000075c
 FILL mask 0xff
                0x10000000                _data = .
 *(vtable)
 *(.ramfunc*)
 *(.data*)
 .data.numRedLEDsOn
                0x10000000        0x4 ./src/AssignmentTwo.o
                0x10000000                numRedLEDsOn
 .data.numGreenLEDsOn
                0x10000004        0x4 ./src/AssignmentTwo.o
                0x10000004                numGreenLEDsOn
 .data.numBlueLEDsOn
                0x10000008        0x4 ./src/AssignmentTwo.o
                0x10000008                numBlueLEDsOn
                0x1000000c                . = ALIGN (0x4)
                0x1000000c                _edata = .

.igot.plt       0x1000000c        0x0 load address 0x00000768
 .igot.plt      0x1000000c        0x0 ./src/AssignmentTwo.o

.bss_RAM2       0x2007c000        0x0
                [!provide]                PROVIDE (__start_bss_RAM2, .)
 *(.bss.$RAM2*)
 *(.bss.$RamAHB32*)
                0x2007c000                . = ALIGN ((. != 0x0)?0x4:0x1)
                [!provide]                PROVIDE (__end_bss_RAM2, .)

.bss            0x1000000c        0x0
                0x1000000c                _bss = .
 *(.bss*)
 *(COMMON)
                0x1000000c                . = ALIGN (0x4)
                0x1000000c                _ebss = .
                [!provide]                PROVIDE (end, .)

.noinit_RAM2    0x2007c000        0x0
 *(.noinit.$RAM2*)
 *(.noinit.$RamAHB32*)
                0x2007c000                . = ALIGN (0x4)

.noinit         0x1000000c        0x0
                0x1000000c                _noinit = .
 *(.noinit*)
                0x1000000c                . = ALIGN (0x4)
                0x1000000c                _end_noinit = .
                [!provide]                PROVIDE (_pvHeapStart, DEFINED (__user_heap_base)?__user_heap_base:.)
                0x10008000                PROVIDE (_vStackTop, DEFINED (__user_stack_top)?__user_stack_top:(__top_RamLoc32 - 0x0))
                0xefff74c6                PROVIDE (__valid_user_code_checksum, (0x0 - ((((((_vStackTop + (ResetISR + 0x1)) + (NMI_Handler + 0x1)) + (HardFault_Handler + 0x1)) + (DEFINED (MemManage_Handler)?MemManage_Handler:0x0 + 0x1)) + (DEFINED (BusFault_Handler)?BusFault_Handler:0x0 + 0x1)) + (DEFINED (UsageFault_Handler)?UsageFault_Handler:0x0 + 0x1))))
OUTPUT(AssignmentTwo.axf elf32-littlearm)

.debug_info     0x00000000      0x4ae
 .debug_info    0x00000000      0x21c ./src/AssignmentTwo.o
 .debug_info    0x0000021c      0x253 ./src/cr_startup_lpc175x_6x.o
 .debug_info    0x0000046f       0x3f ./src/crp.o

.debug_abbrev   0x00000000      0x204
 .debug_abbrev  0x00000000       0xd9 ./src/AssignmentTwo.o
 .debug_abbrev  0x000000d9       0xf5 ./src/cr_startup_lpc175x_6x.o
 .debug_abbrev  0x000001ce       0x36 ./src/crp.o

.debug_aranges  0x00000000      0x158
 .debug_aranges
                0x00000000       0xc0 ./src/AssignmentTwo.o
 .debug_aranges
                0x000000c0       0x80 ./src/cr_startup_lpc175x_6x.o
 .debug_aranges
                0x00000140       0x18 ./src/crp.o

.debug_ranges   0x00000000      0x120
 .debug_ranges  0x00000000       0xb0 ./src/AssignmentTwo.o
 .debug_ranges  0x000000b0       0x70 ./src/cr_startup_lpc175x_6x.o

.debug_macro    0x00000000      0xbc5
 .debug_macro   0x00000000       0x7b ./src/AssignmentTwo.o
 .debug_macro   0x0000007b      0x880 ./src/AssignmentTwo.o
 .debug_macro   0x000008fb       0x82 ./src/AssignmentTwo.o
 .debug_macro   0x0000097d       0x10 ./src/AssignmentTwo.o
 .debug_macro   0x0000098d      0x12d ./src/AssignmentTwo.o
 .debug_macro   0x00000aba       0xa0 ./src/AssignmentTwo.o
 .debug_macro   0x00000b5a       0x1d ./src/cr_startup_lpc175x_6x.o
 .debug_macro   0x00000b77       0x1a ./src/crp.o
 .debug_macro   0x00000b91       0x34 ./src/crp.o

.debug_line     0x00000000      0x4d7
 .debug_line    0x00000000      0x38b ./src/AssignmentTwo.o
 .debug_line    0x0000038b       0xd4 ./src/cr_startup_lpc175x_6x.o
 .debug_line    0x0000045f       0x78 ./src/crp.o

.debug_str      0x00000000     0x35e6
 .debug_str     0x00000000     0x3332 ./src/AssignmentTwo.o
                               0x3375 (size before relaxing)
 .debug_str     0x00003332      0x1cb ./src/cr_startup_lpc175x_6x.o
                               0x2683 (size before relaxing)
 .debug_str     0x000034fd       0xe9 ./src/crp.o
                               0x259b (size before relaxing)

.comment        0x00000000       0xdc
 .comment       0x00000000       0x6e ./src/AssignmentTwo.o
                                 0x6f (size before relaxing)
 .comment       0x0000006e       0x6f ./src/cr_startup_lpc175x_6x.o
 .comment       0x0000006e       0x6f ./src/crp.o
 .comment       0x0000006e       0x6e c:/nxp/lpcxpresso_8.2.2_650/lpcxpresso/tools/bin/../lib/gcc/arm-none-eabi/5.4.1/../../../../arm-none-eabi/lib/armv7-m\libcr_c.a(__weak__main.o)
                                 0x6f (size before relaxing)

.ARM.attributes
                0x00000000       0x33
 .ARM.attributes
                0x00000000       0x33 ./src/AssignmentTwo.o
 .ARM.attributes
                0x00000033       0x33 ./src/cr_startup_lpc175x_6x.o
 .ARM.attributes
                0x00000066       0x33 ./src/crp.o
 .ARM.attributes
                0x00000099       0x33 c:/nxp/lpcxpresso_8.2.2_650/lpcxpresso/tools/bin/../lib/gcc/arm-none-eabi/5.4.1/../../../../arm-none-eabi/lib/armv7-m\libcr_c.a(__weak__main.o)

.debug_frame    0x00000000      0x400
 .debug_frame   0x00000000      0x290 ./src/AssignmentTwo.o
 .debug_frame   0x00000290      0x170 ./src/cr_startup_lpc175x_6x.o
